== destinos con SDD/Docs (excluye _legacy y node_modules) ==
/home/fernando/workspaces/workspace-dev/Repos-RPIs/RPI.VideoControl/SDD/Docs
/home/fernando/workspaces/workspace-dev/PROG2/Geometria/Lab-Geometria/SDD/Docs
/home/fernando/workspaces/workspace-dev/DEV/SAI.Service.Core/SDD/Docs
/home/fernando/workspaces/workspace-dev/DEV/SelfHosted.Service.Core/SDD/Docs

== carpetas tareas-tecnicas/ en TODO el workspace (reproduce el comando del reporte, §2.4) ==
/home/fernando/workspaces/workspace-dev/PROG2/Geometria/Lab-Geometria/SDD/Docs/Unidades-Entrega/GeometriaFactory-Api/06-Backlog-Tecnico/tareas-tecnicas
(el de arriba es el de Lab-Geometria en fase-k; en el resto del workspace: sin salida antes de esta corrida)

== carpetas historias-usuario/ en TODO el workspace (ampliación de la solicitud 2) ==
/home/fernando/workspaces/workspace-dev/Repos-RPIs/RPI.VideoControl/SDD/Docs/06-Backlog-Tecnico/historias-usuario
/home/fernando/workspaces/workspace-dev/PROG2/Geometria/Lab-Geometria/SDD/Docs/Unidades-Entrega/GeometriaFactory-Web/06-Backlog-Tecnico/historias-usuario
/home/fernando/workspaces/workspace-dev/PROG2/Geometria/Lab-Geometria/SDD/Docs/Unidades-Entrega/GeometriaFactory-Api/06-Backlog-Tecnico/historias-usuario
/home/fernando/workspaces/workspace-dev/IA/TEMP/Ejemplos_IA_SDD2.1D_Sistema_Georreferencia/SDD2.1D/docs/proyectos/geovial-api/06_backlog-tecnico/historias-usuario
/home/fernando/workspaces/workspace-dev/DEV/SAI.Service.Core/SDD/Docs/06-Backlog-Tecnico/historias-usuario

---- RPI.VideoControl (una unidad, cinco proyectos de código, pre-8.0: sin Unidades-Entrega/) ----
# Backlog de Producto — Videocontrol de cámaras y actuadores


**Unidad de entrega:** VideoControl-Web
**Proyectos de código que la componen:** `VideoControl-Web`, `VideoControl-Application`, `VideoControl-Domain`, `VideoControl-Infrastructure`, `VideoControl-PinMap`
**Documento:** Product-Backlog.md
**Versión:** 5.1
**Estado:** Vigente
**Fecha:** 2026-08-24
**Autor:** Equipo de desarrollo del producto
**Técnica de estimación:** Fibonacci
**Historias:** 25
BT totales:
20
US por proyecto de código, según los rangos que el propio Product-Backlog.md declara (PRODUCT-INTAKE §13.4):
Web 25
Domain 5
PinMap 5
Application 9
Infrastructure 11
total unidad 55
US con archivo individual bajo historias-usuario/:
25
tareas-tecnicas/ existe:

---- SAI.Service.Core (una unidad = un proyecto, convención pre-Unidades-Entrega, sufijo -v1.0) ----
BT totales:
30
US con archivo individual:
26
US mencionadas en Product-Backlog-v1.0.md:
26
tareas-tecnicas/ existe:

---- SelfHosted.Service.Core (sin categoría 06 generada aún) ----
/home/fernando/workspaces/workspace-dev/DEV/SelfHosted.Service.Core/SDD/Docs
/home/fernando/workspaces/workspace-dev/DEV/SelfHosted.Service.Core/SDD/Docs/00-Contexto
/home/fernando/workspaces/workspace-dev/DEV/SelfHosted.Service.Core/SDD/Docs/Audit
/home/fernando/workspaces/workspace-dev/DEV/SelfHosted.Service.Core/SDD/Docs/03-UX-UI-DX
/home/fernando/workspaces/workspace-dev/DEV/SelfHosted.Service.Core/SDD/Docs/01-Necesidades-Negocio
/home/fernando/workspaces/workspace-dev/DEV/SelfHosted.Service.Core/SDD/Docs/02-Especificacion-Funcional
/home/fernando/workspaces/workspace-dev/DEV/SelfHosted.Service.Core/SDD/Docs/_legacy
